// Jest Snapshot v1, https://goo.gl/fbAQLP

exports[`ChatInterface Renders ChatInterface 1`] = `ShallowWrapper {}`;

exports[`ChatInterface Renders ChatInterface with classname 1`] = `ShallowWrapper {}`;
